// Jest Snapshot v1, https://goo.gl/fbAQLP

exports[`renders homepage unchanged 1`] = `
<div>
  <div
    class="h-[100dvh] w-full flex justify-center items-center"
  >
    <h1>
      Home
    </h1>
  </div>
</div>
`;
